
> build
> vite build

10:28:26 PM [vite-plugin-svelte] no Svelte config found at /home/pemboyz-dev/wufy - using default configuration.
vite v8.0.9 building client environment for production...
[2Ktransforming...✓ 3 modules transformed.
✗ Build failed in 1.33s
error during build:
Build failed with 1 error:

[31m[UNRESOLVED_IMPORT] Error:[0m Could not resolve './bootstrap' in resources/js/app.js
   [38;5;246m╭[0m[38;5;246m─[0m[38;5;246m[[0m resources/js/app.js:1:70 [38;5;246m][0m
   [38;5;246m│[0m
 [38;5;246m1 │[0m [38;5;249mi[0m[38;5;249mm[0m[38;5;249mp[0m[38;5;249mo[0m[38;5;249mr[0m[38;5;249mt[0m[38;5;249m [0m[38;5;249m*[0m[38;5;249m [0m[38;5;249ma[0m[38;5;249ms[0m[38;5;249m [0m[38;5;249m_[0m[38;5;249m_[0m[38;5;249mi[0m[38;5;249mm[0m[38;5;249mp[0m[38;5;249mo[0m[38;5;249mr[0m[38;5;249mt[0m[38;5;249m_[0m[38;5;249mg[0m[38;5;249ml[0m[38;5;249mo[0m[38;5;249mb[0m[38;5;249m_[0m[38;5;249m_[0m[38;5;249m0[0m[38;5;249m_[0m[38;5;249m0[0m[38;5;249m_[0m[38;5;249m [0m[38;5;249mf[0m[38;5;249mr[0m[38;5;249mo[0m[38;5;249mm[0m[38;5;249m [0m[38;5;249m"[0m[38;5;249m.[0m[38;5;249m/[0m[38;5;249mP[0m[38;5;249ma[0m[38;5;249mg[0m[38;5;249me[0m[38;5;249ms[0m[38;5;249m/[0m[38;5;249mW[0m[38;5;249me[0m[38;5;249ml[0m[38;5;249mc[0m[38;5;249mo[0m[38;5;249mm[0m[38;5;249me[0m[38;5;249m.[0m[38;5;249ms[0m[38;5;249mv[0m[38;5;249me[0m[38;5;249ml[0m[38;5;249mt[0m[38;5;249me[0m[38;5;249m"[0m[38;5;249m;[0m[38;5;249mi[0m[38;5;249mm[0m[38;5;249mp[0m[38;5;249mo[0m[38;5;249mr[0m[38;5;249mt[0m[38;5;249m [0m'./bootstrap'[38;5;249m;[0m
 [38;5;240m  │[0m                                                                      ──────┬──────  
 [38;5;240m  │[0m                                                                            ╰──────── Module not found.
[38;5;246m───╯[0m

    at aggregateBindingErrorsIntoJsError (file:///home/pemboyz-dev/wufy/node_modules/rolldown/dist/shared/error-DAA7ncC5.mjs:48:18)
    at unwrapBindingResult (file:///home/pemboyz-dev/wufy/node_modules/rolldown/dist/shared/error-DAA7ncC5.mjs:18:128)
    at #build (file:///home/pemboyz-dev/wufy/node_modules/rolldown/dist/shared/rolldown-build-BPKCFYpX.mjs:3317:34)
    at async buildEnvironment (file:///home/pemboyz-dev/wufy/node_modules/vite/dist/node/chunks/node.js:32999:64)
    at async Object.build (file:///home/pemboyz-dev/wufy/node_modules/vite/dist/node/chunks/node.js:33421:19)
    at async Object.buildApp (file:///home/pemboyz-dev/wufy/node_modules/vite/dist/node/chunks/node.js:33418:153)
    at async CAC.<anonymous> (file:///home/pemboyz-dev/wufy/node_modules/vite/dist/node/cli.js:778:3) {
  errors: [Getter/Setter]
}
